  Determining projects to restore...
C:\Users\smart gen\source\repos\DominoMajlisPRO\DominoMajlisPRO\DominoMajlisPRO.csproj : warning NU1510: PackageReference System.Text.Encoding.CodePages will not be pruned. This package is automatically available and does not need to be referenced explicitly. Remove the PackageReference item.
C:\Users\smart gen\source\repos\DominoMajlisPRO\DominoMajlisPRO\DominoMajlisPRO.csproj : warning NU1903: Package 'SixLabors.ImageSharp' 1.0.4 has a known high severity vulnerability, https://github.com/advisories/GHSA-2cmq-823j-5qj8
C:\Users\smart gen\source\repos\DominoMajlisPRO\DominoMajlisPRO\DominoMajlisPRO.csproj : warning NU1902: Package 'SixLabors.ImageSharp' 1.0.4 has a known moderate severity vulnerability, https://github.com/advisories/GHSA-5x7m-6737-26cr
C:\Users\smart gen\source\repos\DominoMajlisPRO\DominoMajlisPRO\DominoMajlisPRO.csproj : warning NU1903: Package 'SixLabors.ImageSharp' 1.0.4 has a known high severity vulnerability, https://github.com/advisories/GHSA-63p8-c4ww-9cg7
C:\Users\smart gen\source\repos\DominoMajlisPRO\DominoMajlisPRO\DominoMajlisPRO.csproj : warning NU1903: Package 'SixLabors.ImageSharp' 1.0.4 has a known high severity vulnerability, https://github.com/advisories/GHSA-65x7-c272-7g7r
C:\Users\smart gen\source\repos\DominoMajlisPRO\DominoMajlisPRO\DominoMajlisPRO.csproj : warning NU1902: Package 'SixLabors.ImageSharp' 1.0.4 has a known moderate severity vulnerability, https://github.com/advisories/GHSA-g85r-6x2q-45w7
C:\Users\smart gen\source\repos\DominoMajlisPRO\DominoMajlisPRO\DominoMajlisPRO.csproj : warning NU1902: Package 'SixLabors.ImageSharp' 1.0.4 has a known moderate severity vulnerability, https://github.com/advisories/GHSA-qxrv-gp6x-rc23
C:\Users\smart gen\source\repos\DominoMajlisPRO\DominoMajlisPRO\DominoMajlisPRO.csproj : warning NU1902: Package 'SixLabors.ImageSharp' 1.0.4 has a known moderate severity vulnerability, https://github.com/advisories/GHSA-rxmq-m78w-7wmc
  All projects are up-to-date for restore.
C:\Users\smart gen\source\repos\DominoMajlisPRO\DominoMajlisPRO\GalleryEngine\Services\StoreEquipService.cs(107,23): error CS0117: 'AppEvents' does not contain a definition for 'RaisePlayerEffectChanged' [C:\Users\smart gen\source\repos\DominoMajlisPRO\DominoMajlisPRO\DominoMajlisPRO.csproj::TargetFramework=net10.0-windows10.0.19041.0]
C:\Users\smart gen\source\repos\DominoMajlisPRO\DominoMajlisPRO\GalleryEngine\Services\StoreEquipService.cs(110,19): error CS0117: 'AppEvents' does not contain a definition for 'RaisePlayerIdentityChanged' [C:\Users\smart gen\source\repos\DominoMajlisPRO\DominoMajlisPRO\DominoMajlisPRO.csproj::TargetFramework=net10.0-windows10.0.19041.0]
C:\Users\smart gen\source\repos\DominoMajlisPRO\DominoMajlisPRO\GalleryEngine\Services\PlayerVisualIdentityResolver.cs(41,20): error CS7036: There is no argument given that corresponds to the required parameter 'PlayerNameFrame' of 'PlayerVisualIdentity.PlayerVisualIdentity(string, CatalogAssetDisplay?, CatalogAssetDisplay?, CatalogAssetDisplay?, CatalogAssetDisplay?, CatalogAssetDisplay?, CatalogAssetDisplay?, CatalogAssetDisplay?)' [C:\Users\smart gen\source\repos\DominoMajlisPRO\DominoMajlisPRO\DominoMajlisPRO.csproj::TargetFramework=net10.0-windows10.0.19041.0]
C:\Users\smart gen\source\repos\DominoMajlisPRO\DominoMajlisPRO\GalleryEngine\Services\PlayerVisualIdentityResolver.cs(108,9): error CS7036: There is no argument given that corresponds to the required parameter 'PlayerNameFrame' of 'PlayerVisualIdentity.PlayerVisualIdentity(string, CatalogAssetDisplay?, CatalogAssetDisplay?, CatalogAssetDisplay?, CatalogAssetDisplay?, CatalogAssetDisplay?, CatalogAssetDisplay?, CatalogAssetDisplay?)' [C:\Users\smart gen\source\repos\DominoMajlisPRO\DominoMajlisPRO\DominoMajlisPRO.csproj::TargetFramework=net10.0-windows10.0.19041.0]

Build FAILED.
    523 Warning(s)
    4 Error(s)

Time Elapsed 00:00:07.47
